Archive member included to satisfy reference by file (symbol)

/usr/lib/gcc/avr/4.9.2/avr25/libgcc.a(_exit.o)
                              /usr/lib/gcc/avr/4.9.2/../../../avr/lib/avr25/crtattiny44.o (exit)
/usr/lib/gcc/avr/4.9.2/avr25/libgcc.a(_copy_data.o)
                              ./Source/main.o (__do_copy_data)
/usr/lib/gcc/avr/4.9.2/avr25/libgcc.a(_clear_bss.o)
                              ./Source/blink.o (__do_clear_bss)

Allocating common symbols
Common symbol       size              file

usi_i2c_slave_internal_address
                    0x1               ./Source/usi_i2c_slave.o
USI_I2C_Slave_State
                    0x1               ./Source/usi_i2c_slave.o
USI_Slave_register_buffer
                    0x28              ./Source/usi_i2c_slave.o
leds                0x2d              ./Source/blink.o
usi_i2c_mode        0x1               ./Source/usi_i2c_slave.o
sensors             0x27              ./Source/blink.o

Memory Configuration

Name             Origin             Length             Attributes
text             0x0000000000000000 0x0000000000002000 xr
data             0x0000000000800060 0x000000000000ffa0 rw !x
eeprom           0x0000000000810000 0x0000000000010000 rw !x
fuse             0x0000000000820000 0x0000000000000400 rw !x
lock             0x0000000000830000 0x0000000000000400 rw !x
signature        0x0000000000840000 0x0000000000000400 rw !x
user_signatures  0x0000000000850000 0x0000000000000400 rw !x
*default*        0x0000000000000000 0xffffffffffffffff

Linker script and memory map

LOAD /usr/lib/gcc/avr/4.9.2/../../../avr/lib/avr25/crtattiny44.o
LOAD ./Source/blink.o
LOAD ./Source/dht11.o
LOAD ./Source/main.o
LOAD ./Source/usi_i2c_slave.o
START GROUP
LOAD /usr/lib/gcc/avr/4.9.2/avr25/libgcc.a
LOAD /usr/lib/gcc/avr/4.9.2/../../../avr/lib/avr25/libm.a
LOAD /usr/lib/gcc/avr/4.9.2/../../../avr/lib/avr25/libc.a
LOAD /usr/lib/gcc/avr/4.9.2/../../../avr/lib/avr25/libattiny44.a
END GROUP
                0x0000000000002000                __TEXT_REGION_LENGTH__ = DEFINED (__TEXT_REGION_LENGTH__)?__TEXT_REGION_LENGTH__:0x2000
                0x000000000000ffa0                __DATA_REGION_LENGTH__ = DEFINED (__DATA_REGION_LENGTH__)?__DATA_REGION_LENGTH__:0xffa0
                0x0000000000010000                __EEPROM_REGION_LENGTH__ = DEFINED (__EEPROM_REGION_LENGTH__)?__EEPROM_REGION_LENGTH__:0x10000
                0x0000000000000400                __FUSE_REGION_LENGTH__ = DEFINED (__FUSE_REGION_LENGTH__)?__FUSE_REGION_LENGTH__:0x400
                0x0000000000000400                __LOCK_REGION_LENGTH__ = DEFINED (__LOCK_REGION_LENGTH__)?__LOCK_REGION_LENGTH__:0x400
                0x0000000000000400                __SIGNATURE_REGION_LENGTH__ = DEFINED (__SIGNATURE_REGION_LENGTH__)?__SIGNATURE_REGION_LENGTH__:0x400
                0x0000000000000400                __USER_SIGNATURE_REGION_LENGTH__ = DEFINED (__USER_SIGNATURE_REGION_LENGTH__)?__USER_SIGNATURE_REGION_LENGTH__:0x400

.hash
 *(.hash)

.dynsym
 *(.dynsym)

.dynstr
 *(.dynstr)

.gnu.version
 *(.gnu.version)

.gnu.version_d
 *(.gnu.version_d)

.gnu.version_r
 *(.gnu.version_r)

.rel.init
 *(.rel.init)

.rela.init
 *(.rela.init)

.rel.text
 *(.rel.text)
 *(.rel.text.*)
 *(.rel.gnu.linkonce.t*)

.rela.text
 *(.rela.text)
 *(.rela.text.*)
 *(.rela.gnu.linkonce.t*)

.rel.fini
 *(.rel.fini)

.rela.fini
 *(.rela.fini)

.rel.rodata
 *(.rel.rodata)
 *(.rel.rodata.*)
 *(.rel.gnu.linkonce.r*)

.rela.rodata
 *(.rela.rodata)
 *(.rela.rodata.*)
 *(.rela.gnu.linkonce.r*)

.rel.data
 *(.rel.data)
 *(.rel.data.*)
 *(.rel.gnu.linkonce.d*)

.rela.data
 *(.rela.data)
 *(.rela.data.*)
 *(.rela.gnu.linkonce.d*)

.rel.ctors
 *(.rel.ctors)

.rela.ctors
 *(.rela.ctors)

.rel.dtors
 *(.rel.dtors)

.rela.dtors
 *(.rela.dtors)

.rel.got
 *(.rel.got)

.rela.got
 *(.rela.got)

.rel.bss
 *(.rel.bss)

.rela.bss
 *(.rela.bss)

.rel.plt
 *(.rel.plt)

.rela.plt
 *(.rela.plt)

.text           0x0000000000000000      0x972
 *(.vectors)
 .vectors       0x0000000000000000       0x22 /usr/lib/gcc/avr/4.9.2/../../../avr/lib/avr25/crtattiny44.o
                0x0000000000000000                __vectors
                0x0000000000000000                __vector_default
 *(.vectors)
 *(.progmem.gcc*)
                0x0000000000000022                . = ALIGN (0x2)
                0x0000000000000022                __trampolines_start = .
 *(.trampolines)
 .trampolines   0x0000000000000022        0x0 linker stubs
 *(.trampolines*)
                0x0000000000000022                __trampolines_end = .
 *libprintf_flt.a:*(.progmem.data)
 *libc.a:*(.progmem.data)
 *(.progmem*)
                0x0000000000000022                . = ALIGN (0x2)
 *(.jumptables)
 *(.jumptables*)
 *(.lowtext)
 *(.lowtext*)
                0x0000000000000022                __ctors_start = .
 *(.ctors)
                0x0000000000000022                __ctors_end = .
                0x0000000000000022                __dtors_start = .
 *(.dtors)
                0x0000000000000022                __dtors_end = .
 SORT(*)(.ctors)
 SORT(*)(.dtors)
 *(.init0)
 .init0         0x0000000000000022        0x0 /usr/lib/gcc/avr/4.9.2/../../../avr/lib/avr25/crtattiny44.o
                0x0000000000000022                __init
 *(.init0)
 *(.init1)
 *(.init1)
 *(.init2)
 .init2         0x0000000000000022        0xc /usr/lib/gcc/avr/4.9.2/../../../avr/lib/avr25/crtattiny44.o
 *(.init2)
 *(.init3)
 *(.init3)
 *(.init4)
 .init4         0x000000000000002e       0x16 /usr/lib/gcc/avr/4.9.2/avr25/libgcc.a(_copy_data.o)
                0x000000000000002e                __do_copy_data
 .init4         0x0000000000000044       0x10 /usr/lib/gcc/avr/4.9.2/avr25/libgcc.a(_clear_bss.o)
                0x0000000000000044                __do_clear_bss
 *(.init4)
 *(.init5)
 *(.init5)
 *(.init6)
 *(.init6)
 *(.init7)
 *(.init7)
 *(.init8)
 *(.init8)
 *(.init9)
 .init9         0x0000000000000054        0x4 /usr/lib/gcc/avr/4.9.2/../../../avr/lib/avr25/crtattiny44.o
 *(.init9)
 *(.text)
 .text          0x0000000000000058        0x2 /usr/lib/gcc/avr/4.9.2/../../../avr/lib/avr25/crtattiny44.o
                0x0000000000000058                __vector_1
                0x0000000000000058                __vector_12
                0x0000000000000058                __bad_interrupt
                0x0000000000000058                __vector_6
                0x0000000000000058                __vector_3
                0x0000000000000058                __vector_11
                0x0000000000000058                __vector_13
                0x0000000000000058                __vector_7
                0x0000000000000058                __vector_5
                0x0000000000000058                __vector_4
                0x0000000000000058                __vector_9
                0x0000000000000058                __vector_2
                0x0000000000000058                __vector_8
                0x0000000000000058                __vector_14
                0x0000000000000058                __vector_10
 .text          0x000000000000005a        0x0 ./Source/blink.o
 .text          0x000000000000005a        0x0 ./Source/dht11.o
 .text          0x000000000000005a        0x0 ./Source/main.o
 .text          0x000000000000005a        0x0 ./Source/usi_i2c_slave.o
 .text          0x000000000000005a        0x0 /usr/lib/gcc/avr/4.9.2/avr25/libgcc.a(_exit.o)
 .text          0x000000000000005a        0x0 /usr/lib/gcc/avr/4.9.2/avr25/libgcc.a(_copy_data.o)
 .text          0x000000000000005a        0x0 /usr/lib/gcc/avr/4.9.2/avr25/libgcc.a(_clear_bss.o)
                0x000000000000005a                . = ALIGN (0x2)
 *(.text.*)
 .text.BlinkCfg
                0x000000000000005a       0x92 ./Source/blink.o
                0x000000000000005a                BlinkCfg
 .text.IOCfg    0x00000000000000ec      0x1be ./Source/blink.o
                0x00000000000000ec                IOCfg
 .text.SetValue
                0x00000000000002aa       0x52 ./Source/blink.o
                0x00000000000002aa                SetValue
 .text.InputCfg
                0x00000000000002fc       0x56 ./Source/blink.o
                0x00000000000002fc                InputCfg
 .text.initDHT  0x0000000000000352       0x14 ./Source/dht11.o
                0x0000000000000352                initDHT
 .text.fetchData
                0x0000000000000366      0x2aa ./Source/dht11.o
                0x0000000000000366                fetchData
 .text.startup.main
                0x0000000000000610      0x1e6 ./Source/main.o
                0x0000000000000610                main
 .text.USI_I2C_Init
                0x00000000000007f6       0x18 ./Source/usi_i2c_slave.o
                0x00000000000007f6                USI_I2C_Init
 .text.__vector_15
                0x000000000000080e       0x48 ./Source/usi_i2c_slave.o
                0x000000000000080e                __vector_15
 .text.__vector_16
                0x0000000000000856      0x118 ./Source/usi_i2c_slave.o
                0x0000000000000856                __vector_16
 .text.libgcc.mul
                0x000000000000096e        0x0 /usr/lib/gcc/avr/4.9.2/avr25/libgcc.a(_exit.o)
 .text.libgcc.div
                0x000000000000096e        0x0 /usr/lib/gcc/avr/4.9.2/avr25/libgcc.a(_exit.o)
 .text.libgcc   0x000000000000096e        0x0 /usr/lib/gcc/avr/4.9.2/avr25/libgcc.a(_exit.o)
 .text.libgcc.prologue
                0x000000000000096e        0x0 /usr/lib/gcc/avr/4.9.2/avr25/libgcc.a(_exit.o)
 .text.libgcc.builtins
                0x000000000000096e        0x0 /usr/lib/gcc/avr/4.9.2/avr25/libgcc.a(_exit.o)
 .text.libgcc.fmul
                0x000000000000096e        0x0 /usr/lib/gcc/avr/4.9.2/avr25/libgcc.a(_exit.o)
 .text.libgcc.fixed
                0x000000000000096e        0x0 /usr/lib/gcc/avr/4.9.2/avr25/libgcc.a(_exit.o)
 .text.libgcc.mul
                0x000000000000096e        0x0 /usr/lib/gcc/avr/4.9.2/avr25/libgcc.a(_copy_data.o)
 .text.libgcc.div
                0x000000000000096e        0x0 /usr/lib/gcc/avr/4.9.2/avr25/libgcc.a(_copy_data.o)
 .text.libgcc   0x000000000000096e        0x0 /usr/lib/gcc/avr/4.9.2/avr25/libgcc.a(_copy_data.o)
 .text.libgcc.prologue
                0x000000000000096e        0x0 /usr/lib/gcc/avr/4.9.2/avr25/libgcc.a(_copy_data.o)
 .text.libgcc.builtins
                0x000000000000096e        0x0 /usr/lib/gcc/avr/4.9.2/avr25/libgcc.a(_copy_data.o)
 .text.libgcc.fmul
                0x000000000000096e        0x0 /usr/lib/gcc/avr/4.9.2/avr25/libgcc.a(_copy_data.o)
 .text.libgcc.fixed
                0x000000000000096e        0x0 /usr/lib/gcc/avr/4.9.2/avr25/libgcc.a(_copy_data.o)
 .text.libgcc.mul
                0x000000000000096e        0x0 /usr/lib/gcc/avr/4.9.2/avr25/libgcc.a(_clear_bss.o)
 .text.libgcc.div
                0x000000000000096e        0x0 /usr/lib/gcc/avr/4.9.2/avr25/libgcc.a(_clear_bss.o)
 .text.libgcc   0x000000000000096e        0x0 /usr/lib/gcc/avr/4.9.2/avr25/libgcc.a(_clear_bss.o)
 .text.libgcc.prologue
                0x000000000000096e        0x0 /usr/lib/gcc/avr/4.9.2/avr25/libgcc.a(_clear_bss.o)
 .text.libgcc.builtins
                0x000000000000096e        0x0 /usr/lib/gcc/avr/4.9.2/avr25/libgcc.a(_clear_bss.o)
 .text.libgcc.fmul
                0x000000000000096e        0x0 /usr/lib/gcc/avr/4.9.2/avr25/libgcc.a(_clear_bss.o)
 .text.libgcc.fixed
                0x000000000000096e        0x0 /usr/lib/gcc/avr/4.9.2/avr25/libgcc.a(_clear_bss.o)
                0x000000000000096e                . = ALIGN (0x2)
 *(.fini9)
 .fini9         0x000000000000096e        0x0 /usr/lib/gcc/avr/4.9.2/avr25/libgcc.a(_exit.o)
                0x000000000000096e                exit
                0x000000000000096e                _exit
 *(.fini9)
 *(.fini8)
 *(.fini8)
 *(.fini7)
 *(.fini7)
 *(.fini6)
 *(.fini6)
 *(.fini5)
 *(.fini5)
 *(.fini4)
 *(.fini4)
 *(.fini3)
 *(.fini3)
 *(.fini2)
 *(.fini2)
 *(.fini1)
 *(.fini1)
 *(.fini0)
 .fini0         0x000000000000096e        0x4 /usr/lib/gcc/avr/4.9.2/avr25/libgcc.a(_exit.o)
 *(.fini0)
                0x0000000000000972                _etext = .

.data           0x0000000000800060        0x2 load address 0x0000000000000972
                0x0000000000800060                PROVIDE (__data_start, .)
 *(.data)
 .data          0x0000000000800060        0x0 /usr/lib/gcc/avr/4.9.2/../../../avr/lib/avr25/crtattiny44.o
 .data          0x0000000000800060        0x0 ./Source/blink.o
 .data          0x0000000000800060        0x0 ./Source/dht11.o
 .data          0x0000000000800060        0x0 ./Source/main.o
 .data          0x0000000000800060        0x0 ./Source/usi_i2c_slave.o
 .data          0x0000000000800060        0x0 /usr/lib/gcc/avr/4.9.2/avr25/libgcc.a(_exit.o)
 .data          0x0000000000800060        0x0 /usr/lib/gcc/avr/4.9.2/avr25/libgcc.a(_copy_data.o)
 .data          0x0000000000800060        0x0 /usr/lib/gcc/avr/4.9.2/avr25/libgcc.a(_clear_bss.o)
 *(.data*)
 .data.usi_i2c_slave_address
                0x0000000000800060        0x1 ./Source/main.o
                0x0000000000800060                usi_i2c_slave_address
 *(.rodata)
 *(.rodata*)
 *(.gnu.linkonce.d*)
                0x0000000000800062                . = ALIGN (0x2)
 *fill*         0x0000000000800061        0x1 
                0x0000000000800062                _edata = .
                0x0000000000800062                PROVIDE (__data_end, .)

.bss            0x0000000000800062       0x81
                0x0000000000800062                PROVIDE (__bss_start, .)
 *(.bss)
 .bss           0x0000000000800062        0x0 /usr/lib/gcc/avr/4.9.2/../../../avr/lib/avr25/crtattiny44.o
 .bss           0x0000000000800062        0x0 ./Source/blink.o
 .bss           0x0000000000800062        0x0 ./Source/dht11.o
 .bss           0x0000000000800062        0x0 ./Source/main.o
 .bss           0x0000000000800062        0x0 ./Source/usi_i2c_slave.o
 .bss           0x0000000000800062        0x0 /usr/lib/gcc/avr/4.9.2/avr25/libgcc.a(_exit.o)
 .bss           0x0000000000800062        0x0 /usr/lib/gcc/avr/4.9.2/avr25/libgcc.a(_copy_data.o)
 .bss           0x0000000000800062        0x0 /usr/lib/gcc/avr/4.9.2/avr25/libgcc.a(_clear_bss.o)
 *(.bss*)
 .bss.USI_Slave_internal_address_set
                0x0000000000800062        0x1 ./Source/usi_i2c_slave.o
                0x0000000000800062                USI_Slave_internal_address_set
 .bss.USI_Slave_internal_address
                0x0000000000800063        0x1 ./Source/usi_i2c_slave.o
                0x0000000000800063                USI_Slave_internal_address
 *(COMMON)
 COMMON         0x0000000000800064       0x54 ./Source/blink.o
                0x0000000000800064                leds
                0x0000000000800091                sensors
 COMMON         0x00000000008000b8       0x2b ./Source/usi_i2c_slave.o
                0x00000000008000b8                usi_i2c_slave_internal_address
                0x00000000008000b9                USI_I2C_Slave_State
                0x00000000008000ba                USI_Slave_register_buffer
                0x00000000008000e2                usi_i2c_mode
                0x00000000008000e3                PROVIDE (__bss_end, .)
                0x0000000000000972                __data_load_start = LOADADDR (.data)
                0x0000000000000974                __data_load_end = (__data_load_start + SIZEOF (.data))

.noinit         0x00000000008000e3        0x0
                [!provide]                        PROVIDE (__noinit_start, .)
 *(.noinit*)
                [!provide]                        PROVIDE (__noinit_end, .)
                0x00000000008000e3                _end = .
                [!provide]                        PROVIDE (__heap_start, .)

.eeprom         0x0000000000810000        0x0
 *(.eeprom*)
                0x0000000000810000                __eeprom_end = .

.fuse
 *(.fuse)
 *(.lfuse)
 *(.hfuse)
 *(.efuse)

.lock
 *(.lock*)

.signature
 *(.signature*)

.user_signatures
 *(.user_signatures*)

.stab           0x0000000000000000     0x1a64
 *(.stab)
 .stab          0x0000000000000000      0x840 ./Source/blink.o
 .stab          0x0000000000000840      0x54c ./Source/dht11.o
                                        0x780 (size before relaxing)
 .stab          0x0000000000000d8c      0x6a8 ./Source/main.o
                                        0x8dc (size before relaxing)
 .stab          0x0000000000001434      0x630 ./Source/usi_i2c_slave.o
                                        0x864 (size before relaxing)

.stabstr        0x0000000000000000     0x1239
 *(.stabstr)
 .stabstr       0x0000000000000000     0x1239 ./Source/blink.o

.stab.excl
 *(.stab.excl)

.stab.exclstr
 *(.stab.exclstr)

.stab.index
 *(.stab.index)

.stab.indexstr
 *(.stab.indexstr)

.comment        0x0000000000000000       0x11
 *(.comment)
 .comment       0x0000000000000000       0x11 ./Source/blink.o
                                         0x12 (size before relaxing)
 .comment       0x0000000000000011       0x12 ./Source/dht11.o
 .comment       0x0000000000000011       0x12 ./Source/main.o
 .comment       0x0000000000000011       0x12 ./Source/usi_i2c_slave.o

.note.gnu.avr.deviceinfo
                0x0000000000000000       0x3c
 .note.gnu.avr.deviceinfo
                0x0000000000000000       0x3c /usr/lib/gcc/avr/4.9.2/../../../avr/lib/avr25/crtattiny44.o

.note.gnu.build-id
 *(.note.gnu.build-id)

.debug
 *(.debug)

.line
 *(.line)

.debug_srcinfo
 *(.debug_srcinfo)

.debug_sfnames
 *(.debug_sfnames)

.debug_aranges
 *(.debug_aranges)

.debug_pubnames
 *(.debug_pubnames)

.debug_info
 *(.debug_info .gnu.linkonce.wi.*)

.debug_abbrev
 *(.debug_abbrev)

.debug_line
 *(.debug_line .debug_line.* .debug_line_end)

.debug_frame
 *(.debug_frame)

.debug_str
 *(.debug_str)

.debug_loc
 *(.debug_loc)

.debug_macinfo
 *(.debug_macinfo)

.debug_weaknames
 *(.debug_weaknames)

.debug_funcnames
 *(.debug_funcnames)

.debug_typenames
 *(.debug_typenames)

.debug_varnames
 *(.debug_varnames)

.debug_pubtypes
 *(.debug_pubtypes)

.debug_ranges
 *(.debug_ranges)

.debug_macro
 *(.debug_macro)
OUTPUT(Out.elf elf32-avr)
LOAD linker stubs
